// Jest Snapshot v1, https://goo.gl/fbAQLP

exports[`Plugin creates expected NotificationService.swift 1`] = `
"import Foundation
import UserNotifications
import CioMessagingPushAPN

@objc
public class NotificationServiceCioManager : NSObject {
  
  public override init() {}
  
  @objc(didReceive:withContentHandler:)
  public func didReceive(_ request: UNNotificationRequest, withContentHandler contentHandler: @escaping (UNNotificationContent) -> Void) {
    MessagingPushAPN.initializeForExtension(
      withConfig: MessagingPushConfigBuilder(cdpApiKey: Env.customerIOCdpApiKey)
        .region(Env.customerIORegion)
        .build()
    )
    
    MessagingPush.shared.didReceive(request, withContentHandler: contentHandler)
  }
  
  @objc(serviceExtensionTimeWillExpire)
  public func serviceExtensionTimeWillExpire() {
    MessagingPush.shared.serviceExtensionTimeWillExpire()
  }
}
"
`;
