// Jest Snapshot v1, https://goo.gl/fbAQLP

exports[`Expo 53+ FCM AppDelegate tests Plugin injects CIO handler into AppDelegate.swift for FCM 1`] = `
"import Expo
import React
import ReactAppDependencyProvider

@UIApplicationMain
public class AppDelegate: ExpoAppDelegate {
    let cioSdkHandler = CioSdkAppDelegateHandler()

  var window: UIWindow?

  var reactNativeDelegate: ExpoReactNativeFactoryDelegate?
  var reactNativeFactory: RCTReactNativeFactory?

  public override func application(
    _ application: UIApplication,
    didFinishLaunchingWithOptions launchOptions: [UIApplication.LaunchOptionsKey: Any]? = nil
  ) -> Bool {
    let delegate = ReactNativeDelegate()
    let factory = ExpoReactNativeFactory(delegate: delegate)
    delegate.dependencyProvider = RCTAppDependencyProvider()

    reactNativeDelegate = delegate
    reactNativeFactory = factory
    bindReactNativeFactory(factory)

#if os(iOS) || os(tvOS)
    window = UIWindow(frame: UIScreen.main.bounds)
    factory.startReactNative(
      withModuleName: "main",
      in: window,
      launchOptions: launchOptions)
#endif

        cioSdkHandler.application(application, didFinishLaunchingWithOptions: launchOptions)

    return super.application(application, didFinishLaunchingWithOptions: launchOptions)
  }

  // Linking API
  public override func application(
    _ app: UIApplication,
    open url: URL,
    options: [UIApplication.OpenURLOptionsKey: Any] = [:]
  ) -> Bool {
    return super.application(app, open: url, options: options) || RCTLinkingManager.application(app, open: url, options: options)
  }

  // Universal Links
  public override func application(
    _ application: UIApplication,
    continue userActivity: NSUserActivity,
    restorationHandler: @escaping ([UIUserActivityRestoring]?) -> Void
  ) -> Bool {
    let result = RCTLinkingManager.application(application, continue: userActivity, restorationHandler: restorationHandler)
    return super.application(application, continue: userActivity, restorationHandler: restorationHandler) || result
  }

  // Handle device token registration
  public override func application(_ application: UIApplication, didRegisterForRemoteNotificationsWithDeviceToken deviceToken: Data) {
    // Call CustomerIO SDK handler
    cioSdkHandler.application(application, didRegisterForRemoteNotificationsWithDeviceToken: deviceToken)
    super.application(application, didRegisterForRemoteNotificationsWithDeviceToken: deviceToken)
  }

  // Handle remote notification registration errors
  public override func application(_ application: UIApplication, didFailToRegisterForRemoteNotificationsWithError error: Error) {
    // Call CustomerIO SDK handler
    cioSdkHandler.application(application, didFailToRegisterForRemoteNotificationsWithError: error)
    super.application(application, didFailToRegisterForRemoteNotificationsWithError: error)
  }
}

class ReactNativeDelegate: ExpoReactNativeFactoryDelegate {
  // Extension point for config-plugins

  override func sourceURL(for bridge: RCTBridge) -> URL? {
    // needed to return the correct URL for expo-dev-client.
    bridge.bundleURL ?? bundleURL()
  }

  override func bundleURL() -> URL? {
#if DEBUG
    return RCTBundleURLProvider.sharedSettings().jsBundleURL(forBundleRoot: ".expo/.virtual-metro-entry")
#else
    return Bundle.main.url(forResource: "main", withExtension: "jsbundle")
#endif
  }
}
"
`;
