// Jest Snapshot v1, https://goo.gl/fbAQLP

exports[`Plugin injects CIO imports and calls into AppDelegate.h 1`] = `
"#import <RCTAppDelegate.h>
#import <UIKit/UIKit.h>
#import <Expo/Expo.h>

#import <UserNotifications/UserNotifications.h>
@interface AppDelegate : EXAppDelegateWrapper <UNUserNotificationCenterDelegate>
@end
"
`;
