// Jest Snapshot v1, https://goo.gl/fbAQLP

exports[`Plugin creates expected NotificationService.h 1`] = `
"#import <UserNotifications/UserNotifications.h>

@interface NotificationService : UNNotificationServiceExtension

@end
"
`;
